MSVC environment: 
ace_studio_path=C:\Program Files\ACE Studio
allusersprofile=C:\ProgramData
appdata=C:\Users\Alexsander\AppData\Roaming
chocolateyinstall=C:\ProgramData\chocolatey
chocolateylastpathupdate=133599702066742820
chrome_crashpad_pipe_name=\\.\pipe\crashpad_14604_KWWMAOFHZQQMALDY
commandprompttype=Cross
commonprogramfiles=C:\Program Files\Common Files
commonprogramfiles(x86)=C:\Program Files (x86)\Common Files
commonprogramw6432=C:\Program Files\Common Files
computername=DESKTOP-GO8LTLT
comspec=C:\WINDOWS\system32\cmd.exe
cuda_path=D:\CUDA Toolkit\Intalled
cuda_path_v13_3=D:\CUDA Toolkit\Intalled
devenvdir=D:\Program Files (x86)\Microsoft Visual Studio\2022\BuildTools\Common7\IDE\
driverdata=C:\Windows\System32\Drivers\DriverData
efc_9036_1592913036=1
extensionsdkdir=C:\Program Files (x86)\Microsoft SDKs\Windows Kits\10\ExtensionSDKs
external_include=D:\Program Files (x86)\Microsoft Visual Studio\2022\BuildTools\VC\Tools\MSVC\14.39.33519\include;D:\Program Files (x86)\Microsoft Visual Studio\2022\BuildTools\VC\Auxiliary\VS\include;C:\Program Files (x86)\Windows Kits\10\include\10.0.22621.0\ucrt;C:\Program Files (x86)\Windows Kits\10\\include\10.0.22621.0\\um;C:\Program Files (x86)\Windows Kits\10\\include\10.0.22621.0\\shared;C:\Program Files (x86)\Windows Kits\10\\include\10.0.22621.0\\winrt;C:\Program Files (x86)\Windows Kits\10\\include\10.0.22621.0\\cppwinrt;C:\Program Files (x86)\Windows Kits\NETFXSDK\4.8\include\um
fast_apply_api_key=sk-unsloth-af1abf670f52d5b29e02fe8d85c5c4a4
fast_apply_model=unsloth.Q8_0
fast_apply_url=http://127.0.0.1:8888
framework40version=v4.0
frameworkdir=C:\Windows\Microsoft.NET\Framework\
frameworkdir32=C:\Windows\Microsoft.NET\Framework\
frameworkdir64=C:\Windows\Microsoft.NET\Framework64\
frameworkversion=v4.0.30319
frameworkversion32=v4.0.30319
frameworkversion64=v4.0.30319
homedrive=C:
homepath=\Users\Alexsander
include=D:\Program Files (x86)\Microsoft Visual Studio\2022\BuildTools\VC\Tools\MSVC\14.39.33519\include;D:\Program Files (x86)\Microsoft Visual Studio\2022\BuildTools\VC\Auxiliary\VS\include;C:\Program Files (x86)\Windows Kits\10\include\10.0.22621.0\ucrt;C:\Program Files (x86)\Windows Kits\10\\include\10.0.22621.0\\um;C:\Program Files (x86)\Windows Kits\10\\include\10.0.22621.0\\shared;C:\Program Files (x86)\Windows Kits\10\\include\10.0.22621.0\\winrt;C:\Program Files (x86)\Windows Kits\10\\include\10.0.22621.0\\cppwinrt;C:\Program Files (x86)\Windows Kits\NETFXSDK\4.8\include\um
lib=D:\Program Files (x86)\Microsoft Visual Studio\2022\BuildTools\VC\Tools\MSVC\14.39.33519\lib\x64;C:\Program Files (x86)\Windows Kits\NETFXSDK\4.8\lib\um\x64;C:\Program Files (x86)\Windows Kits\10\lib\10.0.22621.0\ucrt\x64;C:\Program Files (x86)\Windows Kits\10\\lib\10.0.22621.0\\um\x64
libpath=D:\Program Files (x86)\Microsoft Visual Studio\2022\BuildTools\VC\Tools\MSVC\14.39.33519\lib\x64;D:\Program Files (x86)\Microsoft Visual Studio\2022\BuildTools\VC\Tools\MSVC\14.39.33519\lib\x86\store\references;C:\Program Files (x86)\Windows Kits\10\UnionMetadata\10.0.22621.0;C:\Program Files (x86)\Windows Kits\10\References\10.0.22621.0;C:\Windows\Microsoft.NET\Framework\v4.0.30319
localappdata=C:\Users\Alexsander\AppData\Local
logonserver=\\DESKTOP-GO8LTLT
netfxsdkdir=C:\Program Files (x86)\Windows Kits\NETFXSDK\4.8\
no_proxy=127.0.0.1,localhost,::1
number_of_processors=8
onedrive=C:\Users\Alexsander\OneDrive
onedriveconsumer=C:\Users\Alexsander\OneDrive
opencode_client=desktop
opencode_disable_embedded_web_ui=true
opencode_experimental_filewatcher=true
opencode_experimental_icon_discovery=true
opencode_server_password=76f64fb0-691a-48a8-b799-f502cc8fe344
opencode_server_username=opencode
os=Windows_NT
path=D:\Program Files (x86)\Microsoft Visual Studio\2022\BuildTools\VC\Tools\MSVC\14.39.33519\bin\HostX86\x64;D:\Program Files (x86)\Microsoft Visual Studio\2022\BuildTools\VC\Tools\MSVC\14.39.33519\bin\HostX86\x86;D:\Program Files (x86)\Microsoft Visual Studio\2022\BuildTools\Common7\IDE\VC\VCPackages;D:\Program Files (x86)\Microsoft Visual Studio\2022\BuildTools\Common7\IDE\CommonExtensions\Microsoft\TestWindow;D:\Program Files (x86)\Microsoft Visual Studio\2022\BuildTools\MSBuild\Current\bin\Roslyn;C:\Program Files (x86)\Microsoft SDKs\Windows\v10.0A\bin\NETFX 4.8 Tools\;C:\Program Files (x86)\Windows Kits\10\bin\10.0.22621.0\\x86;C:\Program Files (x86)\Windows Kits\10\bin\\x86;D:\Program Files (x86)\Microsoft Visual Studio\2022\BuildTools\\MSBuild\Current\Bin\amd64;C:\Windows\Microsoft.NET\Framework\v4.0.30319;D:\Program Files (x86)\Microsoft Visual Studio\2022\BuildTools\Common7\IDE\;D:\Program Files (x86)\Microsoft Visual Studio\2022\BuildTools\Common7\Tools\;D:\VScode_pr\grammarFly\.venv\Scripts;C:\Program Files\OpenSSH\;D:\CUDA Toolkit\Intalled\bin\x64;D:\CUDA Toolkit\Intalled\bin;D:\Program Files\Python311\Scripts\;D:\Program Files\Python311\;C:\Program Files\glzr.io\GlazeWM\\cli;C:\Program Files (x86)\Common Files\Oracle\Java\javapath;C:\WINDOWS\system32;C:\WINDOWS;C:\WINDOWS\System32\Wbem;C:\WINDOWS\System32\WindowsPowerShell\v1.0\;C:\WINDOWS\System32\OpenSSH\;C:\Program Files\WireGuard\;C:\Program Files (x86)\Windows Kits\10\Windows Performance Toolkit\;C:\Program Files\dotnet\;D;D:\Program Files\Git\cmd;C:\ProgramData\chocolatey\bin;C:\Program Files\PuTTY\;C:\Program Files\NVIDIA Corporation\NVIDIA App\NvDLISR;C:\Program Files (x86)\NVIDIA Corporation\PhysX\Common;D:\Program Files\Process Lasso\;C:\Program Files\NVIDIA Corporation\Nsight Compute 2026.2.1\;D:\Program Files\CMake\bin;D:\Program Files\nodejs\;C:\Program Files (x86)\cloudflared\;C:\Program Files (x86)\ZeroTier\One\;C:\Program Files\GitHub CLI\;C:\Program Files\AmneziaWG\;C:\Users\Alexsander\.unsloth\studio\bin;C:\Users\Alexsander\AppData\Local\Microsoft\WindowsApps;C:\msys64\mingw64\bin;D:\Users\Alexsander\AppData\Local\Programs\Microsoft VS Code\bin;C:\msys64\mingw64\bin\g++.exe;D:\VScode_pr\gdb.exe;C:\Users\Alexsander\.dotnet\tools;C:\Users\Alexsander\.lmstudio\bin;C:\Users\Alexsander\AppData\Local\Python\bin;C:\Users\Alexsander\AppData\Roaming\npm;C:\Users\Alexsander\AppData\Local\Microsoft\WinGet\Links;;D:\Program Files (x86)\Microsoft Visual Studio\2022\BuildTools\Common7\IDE\CommonExtensions\Microsoft\CMake\CMake\bin;D:\Program Files (x86)\Microsoft Visual Studio\2022\BuildTools\Common7\IDE\CommonExtensions\Microsoft\CMake\Ninja;D:\Program Files (x86)\Microsoft Visual Studio\2022\BuildTools\Common7\IDE\VC\Linux\bin\ConnectionManagerExe
pathext=.COM;.EXE;.BAT;.CMD;.VBS;.VBE;.JS;.JSE;.WSF;.WSH;.MSC;.PY;.PYW;.CPL
platform=x64
processor_architecture=AMD64
processor_identifier=AMD64 Family 23 Model 17 Stepping 0, AuthenticAMD
processor_level=23
processor_revision=1100
programdata=C:\ProgramData
programfiles=C:\Program Files
programfiles(x86)=C:\Program Files (x86)
programw6432=C:\Program Files
prompt=$P$G
psmodulepath=C:\Users\Alexsander\Documents\WindowsPowerShell\Modules;C:\Program Files\WindowsPowerShell\Modules;C:\WINDOWS\system32\WindowsPowerShell\v1.0\Modules
public=C:\Users\Public
qml_disable_disk_cache=1
qml_force_disk_cache=0
qt_disable_shader_disk_cache=1
sessionname=Console
simhub_install_path=D:\Program Files (x86)\SimHub\
systemdrive=C:
systemroot=C:\WINDOWS
temp=C:\Windows\TEMP
tmp=C:\Windows\TEMP
torchinductor_cache_dir=C:\Users\Alexsander\.unsloth\studio\TORCHINDUCTOR_CACHE_DIR
ucrtversion=10.0.22621.0
universalcrtsdkdir=C:\Program Files (x86)\Windows Kits\10\
userdomain=DESKTOP-GO8LTLT
userdomain_roamingprofile=DESKTOP-GO8LTLT
username=Alexsander
userprofile=C:\Users\Alexsander
uv=D:\Program Files\Python311\Scripts\uv.exe
uv_run_recursion_depth=1
vbox_hwvirtex_ignore_svm_in_use=1
vcideinstalldir=D:\Program Files (x86)\Microsoft Visual Studio\2022\BuildTools\Common7\IDE\VC\
vcinstalldir=D:\Program Files (x86)\Microsoft Visual Studio\2022\BuildTools\VC\
vctoolsinstalldir=D:\Program Files (x86)\Microsoft Visual Studio\2022\BuildTools\VC\Tools\MSVC\14.39.33519\
vctoolsredistdir=D:\Program Files (x86)\Microsoft Visual Studio\2022\BuildTools\VC\Redist\MSVC\14.38.33135\
vctoolsversion=14.39.33519
virtual_env=D:\VScode_pr\grammarFly\.venv
visualstudioversion=17.0
vs170comntools=D:\Program Files (x86)\Microsoft Visual Studio\2022\BuildTools\Common7\Tools\
vscmd_arg_app_plat=Desktop
vscmd_arg_host_arch=x86
vscmd_arg_tgt_arch=x64
vscmd_ver=17.9.6
vsinstalldir=D:\Program Files (x86)\Microsoft Visual Studio\2022\BuildTools\
windir=C:\WINDOWS
windowslibpath=C:\Program Files (x86)\Windows Kits\10\UnionMetadata\10.0.22621.0;C:\Program Files (x86)\Windows Kits\10\References\10.0.22621.0
windowssdkbinpath=C:\Program Files (x86)\Windows Kits\10\bin\
windowssdkdir=C:\Program Files (x86)\Windows Kits\10\
windowssdklibversion=10.0.22621.0\
windowssdkverbinpath=C:\Program Files (x86)\Windows Kits\10\bin\10.0.22621.0\
windowssdkversion=10.0.22621.0\
windowssdk_executablepath_x64=C:\Program Files (x86)\Microsoft SDKs\Windows\v10.0A\bin\NETFX 4.8 Tools\x64\
windowssdk_executablepath_x86=C:\Program Files (x86)\Microsoft SDKs\Windows\v10.0A\bin\NETFX 4.8 Tools\
xdg_state_home=C:\Users\Alexsander\AppData\Roaming\ai.opencode.desktop
__dotnet_add_32bit=1
__dotnet_add_64bit=1
__dotnet_preferred_bitness=32
__pslockdownpolicy=0
__vscmd_preinit_path=D:\VScode_pr\grammarFly\.venv\Scripts;C:\Program Files\OpenSSH\;D:\CUDA Toolkit\Intalled\bin\x64;D:\CUDA Toolkit\Intalled\bin;D:\Program Files\Python311\Scripts\;D:\Program Files\Python311\;C:\Program Files\glzr.io\GlazeWM\\cli;C:\Program Files (x86)\Common Files\Oracle\Java\javapath;C:\WINDOWS\system32;C:\WINDOWS;C:\WINDOWS\System32\Wbem;C:\WINDOWS\System32\WindowsPowerShell\v1.0\;C:\WINDOWS\System32\OpenSSH\;C:\Program Files\WireGuard\;C:\Program Files (x86)\Windows Kits\10\Windows Performance Toolkit\;C:\Program Files\dotnet\;D;D:\Program Files\Git\cmd;C:\ProgramData\chocolatey\bin;C:\Program Files\PuTTY\;C:\Program Files\NVIDIA Corporation\NVIDIA App\NvDLISR;C:\Program Files (x86)\NVIDIA Corporation\PhysX\Common;D:\Program Files\Process Lasso\;C:\Program Files\NVIDIA Corporation\Nsight Compute 2026.2.1\;D:\Program Files\CMake\bin;D:\Program Files\nodejs\;C:\Program Files (x86)\cloudflared\;C:\Program Files (x86)\ZeroTier\One\;C:\Program Files\GitHub CLI\;C:\Program Files\AmneziaWG\;C:\Users\Alexsander\.unsloth\studio\bin;C:\Users\Alexsander\AppData\Local\Microsoft\WindowsApps;C:\msys64\mingw64\bin;D:\Users\Alexsander\AppData\Local\Programs\Microsoft VS Code\bin;C:\msys64\mingw64\bin\g++.exe;D:\VScode_pr\gdb.exe;C:\Users\Alexsander\.dotnet\tools;C:\Users\Alexsander\.lmstudio\bin;C:\Users\Alexsander\AppData\Local\Python\bin;C:\Users\Alexsander\AppData\Roaming\npm;C:\Users\Alexsander\AppData\Local\Microsoft\WinGet\Links;

╤ыєцхсэр  яЁюуЁрььр юсёыєцштрэш  яЁюуЁрьь Microsoft (R), тхЁёш  14.39.33523.0
(C) ╩юЁяюЁрЎш  ╠рщъЁюёюЇЄ (Microsoft Corporation).  ┬ёх яЁртр чр∙ш∙хэ√.

	cl /c /EHsc /I. -I"D:\VScode_pr\grammarFly\.venv\Library\include" /Ox /w /arch:AVX2 /MP  main.cpp /Fomain.obj
Оптимизирующий компилятор Microsoft (R) C/C++ версии 19.39.33523 для x64
(C) Корпорация Майкрософт (Microsoft Corporation).  Все права защищены.

main.cpp
	cl /c /EHsc /I. -I"D:\VScode_pr\grammarFly\.venv\Library\include" /Ox /w /arch:AVX2 /MP  network.cpp /Fonetwork.obj
Оптимизирующий компилятор Microsoft (R) C/C++ версии 19.39.33523 для x64
(C) Корпорация Майкрософт (Microsoft Corporation).  Все права защищены.

network.cpp
	cl /c /EHsc /I. -I"D:\VScode_pr\grammarFly\.venv\Library\include" /Ox /w /arch:AVX2 /MP  objects.cpp /Foobjects.obj
Оптимизирующий компилятор Microsoft (R) C/C++ версии 19.39.33523 для x64
(C) Корпорация Майкрософт (Microsoft Corporation).  Все права защищены.

objects.cpp
	cl /c /EHsc /I. -I"D:\VScode_pr\grammarFly\.venv\Library\include" /Ox /w /arch:AVX2 /MP  run.cpp /Forun.obj
Оптимизирующий компилятор Microsoft (R) C/C++ версии 19.39.33523 для x64
(C) Корпорация Майкрософт (Microsoft Corporation).  Все права защищены.

run.cpp
	cl /c /EHsc /I. -I"D:\VScode_pr\grammarFly\.venv\Library\include" /Ox /w /arch:AVX2 /MP  synapses_classes.cpp /Fosynapses_classes.obj
Оптимизирующий компилятор Microsoft (R) C/C++ версии 19.39.33523 для x64
(C) Корпорация Майкрософт (Microsoft Corporation).  Все права защищены.

synapses_classes.cpp
	link @sourcefiles.txt /LIBPATH:"D:\VScode_pr\grammarFly\.venv\Library\lib" advapi32.lib /LIBPATH:. /OUT:main.exe
Microsoft (R) Incremental Linker Version 14.39.33523.0
Copyright (C) Microsoft Corporation.  All rights reserved.

main network objects run synapses_classes 
